------------------------------------------------------------
TimeQuest Timing Analyzer Summary
------------------------------------------------------------

Type  : Slow 1200mV 85C Model Setup 'CLOCK_50'
Slack : -6.027
TNS   : -746.633

Type  : Slow 1200mV 85C Model Setup 'avconf:avc|mI2C_CTRL_CLK'
Slack : -4.472
TNS   : -155.979

Type  : Slow 1200mV 85C Model Setup 'avconf:avc|LUT_INDEX[1]'
Slack : -1.516
TNS   : -17.394

Type  : Slow 1200mV 85C Model Hold 'avconf:avc|LUT_INDEX[1]'
Slack : -2.716
TNS   : -18.618

Type  : Slow 1200mV 85C Model Hold 'avconf:avc|mI2C_CTRL_CLK'
Slack : -0.344
TNS   : -2.700

Type  : Slow 1200mV 85C Model Hold 'CLOCK_50'
Slack : -0.129
TNS   : -0.129

Type  : Slow 1200mV 85C Model Minimum Pulse Width 'CLOCK_50'
Slack : -3.000
TNS   : -381.473

Type  : Slow 1200mV 85C Model Minimum Pulse Width 'avconf:avc|mI2C_CTRL_CLK'
Slack : -1.285
TNS   : -71.960

Type  : Slow 1200mV 85C Model Minimum Pulse Width 'avconf:avc|LUT_INDEX[1]'
Slack : 0.453
TNS   : 0.000

Type  : Slow 1200mV 0C Model Setup 'CLOCK_50'
Slack : -5.362
TNS   : -663.123

Type  : Slow 1200mV 0C Model Setup 'avconf:avc|mI2C_CTRL_CLK'
Slack : -4.017
TNS   : -139.662

Type  : Slow 1200mV 0C Model Setup 'avconf:avc|LUT_INDEX[1]'
Slack : -1.300
TNS   : -15.310

Type  : Slow 1200mV 0C Model Hold 'avconf:avc|LUT_INDEX[1]'
Slack : -2.494
TNS   : -15.430

Type  : Slow 1200mV 0C Model Hold 'avconf:avc|mI2C_CTRL_CLK'
Slack : -0.347
TNS   : -2.515

Type  : Slow 1200mV 0C Model Hold 'CLOCK_50'
Slack : -0.096
TNS   : -0.096

Type  : Slow 1200mV 0C Model Minimum Pulse Width 'CLOCK_50'
Slack : -3.000
TNS   : -380.769

Type  : Slow 1200mV 0C Model Minimum Pulse Width 'avconf:avc|mI2C_CTRL_CLK'
Slack : -1.285
TNS   : -71.960

Type  : Slow 1200mV 0C Model Minimum Pulse Width 'avconf:avc|LUT_INDEX[1]'
Slack : 0.427
TNS   : 0.000

Type  : Fast 1200mV 0C Model Setup 'CLOCK_50'
Slack : -2.224
TNS   : -240.080

Type  : Fast 1200mV 0C Model Setup 'avconf:avc|mI2C_CTRL_CLK'
Slack : -1.903
TNS   : -50.127

Type  : Fast 1200mV 0C Model Setup 'avconf:avc|LUT_INDEX[1]'
Slack : -0.158
TNS   : -0.562

Type  : Fast 1200mV 0C Model Hold 'avconf:avc|LUT_INDEX[1]'
Slack : -1.415
TNS   : -13.095

Type  : Fast 1200mV 0C Model Hold 'avconf:avc|mI2C_CTRL_CLK'
Slack : -0.322
TNS   : -1.906

Type  : Fast 1200mV 0C Model Hold 'CLOCK_50'
Slack : -0.223
TNS   : -0.223

Type  : Fast 1200mV 0C Model Minimum Pulse Width 'CLOCK_50'
Slack : -3.000
TNS   : -594.786

Type  : Fast 1200mV 0C Model Minimum Pulse Width 'avconf:avc|mI2C_CTRL_CLK'
Slack : -1.899
TNS   : -106.344

Type  : Fast 1200mV 0C Model Minimum Pulse Width 'avconf:avc|LUT_INDEX[1]'
Slack : 0.377
TNS   : 0.000

------------------------------------------------------------
